
[2026-02-22 20:05:40] >>> STEP 01_remap_catalog
CMD: /home/wujlin/miniconda3/bin/python scripts/remap_catalog_data_roots.py --catalog-in Docs/cross_disaster_catalog_extended.csv --catalog-out Docs/cross_disaster_catalog_extended_mnt.csv --existing-only-out Docs/cross_disaster_catalog_extended_mnt_existing_only.csv --report-out Docs/cross_disaster_catalog_extended_mnt_path_check.csv --facebook-root '/mnt/e/newdesktop/archive/facebook/disaster data' --datasets-root /mnt/e/newdesktop/Disaster/datasets --prefer facebook
[2026-02-22 20:05:42] total=42
[2026-02-22 20:05:42] exists=42
[2026-02-22 20:05:42] missing=0
[2026-02-22 20:05:42] written: Docs/cross_disaster_catalog_extended_mnt.csv
[2026-02-22 20:05:42] written: Docs/cross_disaster_catalog_extended_mnt_existing_only.csv
[2026-02-22 20:05:42] written: Docs/cross_disaster_catalog_extended_mnt_path_check.csv
[2026-02-22 20:05:42] <<< STEP 01_remap_catalog EXIT=0
[2026-02-22 20:05:42] catalog readiness: total=42, ready=42, missing=0

[2026-02-22 20:05:42] >>> STEP 02_phi_heatmap
CMD: /home/wujlin/miniconda3/bin/python scripts/cross_disaster_phi_heatmap.py --catalog Docs/cross_disaster_catalog_extended_mnt_existing_only.csv --output-root outputs --distance-mode radial --hours-pt 0 8 16 --min-hours -16.0 --max-hours 832.0 --distance-bin-km 10.0 --max-distance-km 500.0 --on-error fail
[2026-02-22 20:05:44] [cross_disaster_phi_heatmap] hurricane_beryl_across_quintana_roo_and_yucatan_mexico: computing heatmap...
[2026-02-22 20:05:46] [phi_heatmap] processed 20/42 windows...
[2026-02-22 20:05:47] [phi_heatmap] processed 40/42 windows...
[2026-02-22 20:05:48] [phi_heatmap][WARNING] center extrapolated for 27/42 windows (track_time_range=[2024-06-29 11:00:00,2024-07-09 17:00:00])
[2026-02-22 20:05:50] Done. Wrote: outputs/hurricane_beryl_across_quintana_roo_and_yucatan_mexico/phi_heatmap/tables/phi_rt_long.csv
[2026-02-22 20:05:50] Done. Wrote: outputs/hurricane_beryl_across_quintana_roo_and_yucatan_mexico/phi_heatmap/tables/phi_rt_matrix.csv
[2026-02-22 20:05:50] [cross_disaster_phi_heatmap] hurricane_beryl_across_southeastern_texas_us: computing heatmap...
[2026-02-22 20:05:53] [phi_heatmap] processed 20/45 windows...
[2026-02-22 20:05:56] [phi_heatmap] processed 40/45 windows...
[2026-02-22 20:05:57] [phi_heatmap][WARNING] center extrapolated for 39/45 windows (track_time_range=[2024-06-29 11:00:00,2024-07-09 17:00:00])
[2026-02-22 20:05:59] Done. Wrote: outputs/hurricane_beryl_across_southeastern_texas_us/phi_heatmap/tables/phi_rt_long.csv
[2026-02-22 20:05:59] Done. Wrote: outputs/hurricane_beryl_across_southeastern_texas_us/phi_heatmap/tables/phi_rt_matrix.csv
[2026-02-22 20:05:59] [cross_disaster_phi_heatmap] hurricane_beryl_pre_landfall_2024: computing heatmap...
[2026-02-22 20:06:00] [phi_heatmap] processed 20/94 windows...
[2026-02-22 20:06:02] [phi_heatmap] processed 40/94 windows...
[2026-02-22 20:06:03] [phi_heatmap] processed 60/94 windows...
[2026-02-22 20:06:04] [phi_heatmap] processed 80/94 windows...
[2026-02-22 20:06:05] [phi_heatmap][WARNING] center extrapolated for 66/94 windows (track_time_range=[2024-06-29 11:00:00,2024-07-09 17:00:00])
[2026-02-22 20:06:07] Done. Wrote: outputs/hurricane_beryl_pre_landfall_2024/phi_heatmap/tables/phi_rt_long.csv
[2026-02-22 20:06:07] Done. Wrote: outputs/hurricane_beryl_pre_landfall_2024/phi_heatmap/tables/phi_rt_matrix.csv
[2026-02-22 20:06:07] [cross_disaster_phi_heatmap] hurricane_ernesto_puerto_rico_14_august_2024: computing heatmap...
[2026-02-22 20:06:08] [phi_heatmap] processed 20/45 windows...
[2026-02-22 20:06:10] [phi_heatmap] processed 40/45 windows...
[2026-02-22 20:06:10] [phi_heatmap][WARNING] center extrapolated for 44/45 windows (track_time_range=[2024-08-12 05:00:00,2024-08-14 05:00:00])
[2026-02-22 20:06:11] Done. Wrote: outputs/hurricane_ernesto_puerto_rico_14_august_2024/phi_heatmap/tables/phi_rt_long.csv
[2026-02-22 20:06:11] Done. Wrote: outputs/hurricane_ernesto_puerto_rico_14_august_2024/phi_heatmap/tables/phi_rt_matrix.csv
[2026-02-22 20:06:11] [cross_disaster_phi_heatmap] hurricane_helene_pre_landfall_gulf_of_mexico_24_september_2024: computing heatmap...
[2026-02-22 20:06:17] [phi_heatmap] processed 20/37 windows...
[2026-02-22 20:06:21] [phi_heatmap][WARNING] center extrapolated for 33/37 windows (track_time_range=[2024-09-24 05:00:00,2024-09-27 23:00:00])
[2026-02-22 20:06:23] Done. Wrote: outputs/hurricane_helene_pre_landfall_gulf_of_mexico_24_september_2024/phi_heatmap/tables/phi_rt_long.csv
[2026-02-22 20:06:23] Done. Wrote: outputs/hurricane_helene_pre_landfall_gulf_of_mexico_24_september_2024/phi_heatmap/tables/phi_rt_matrix.csv
[2026-02-22 20:06:23] [cross_disaster_phi_tau][WARNING] hurricane_john_across_southeastern_guerrero_mexico: 提供的 t0_pt=2024-09-28 08:00:00 与最近窗口差 72.0h；若本意是对齐 landfall，请确认该数据集最早窗口是否晚于灾害发生。
[2026-02-22 20:06:23] [cross_disaster_phi_heatmap] hurricane_john_across_southeastern_guerrero_mexico: computing heatmap...
[2026-02-22 20:06:25] [phi_heatmap] processed 20/21 windows...
[2026-02-22 20:06:26] [phi_heatmap][WARNING] center extrapolated for 21/21 windows (track_time_range=[2024-09-22 05:00:00,2024-09-27 11:00:00])
[2026-02-22 20:06:27] Done. Wrote: outputs/hurricane_john_across_southeastern_guerrero_mexico/phi_heatmap/tables/phi_rt_long.csv
[2026-02-22 20:06:27] Done. Wrote: outputs/hurricane_john_across_southeastern_guerrero_mexico/phi_heatmap/tables/phi_rt_matrix.csv
[2026-02-22 20:06:27] [cross_disaster_phi_tau][WARNING] hurricane_john_southern_mexico_25_september_2024: 提供的 t0_pt=2024-09-24 08:00:00 与最近窗口差 24.0h；若本意是对齐 landfall，请确认该数据集最早窗口是否晚于灾害发生。
[2026-02-22 20:06:27] [cross_disaster_phi_heatmap] hurricane_john_southern_mexico_25_september_2024: computing heatmap...
[2026-02-22 20:06:30] [phi_heatmap] processed 20/45 windows...
[2026-02-22 20:06:33] [phi_heatmap] processed 40/45 windows...
[2026-02-22 20:06:34] [phi_heatmap][WARNING] center extrapolated for 37/45 windows (track_time_range=[2024-09-22 05:00:00,2024-09-27 11:00:00])
[2026-02-22 20:06:35] Done. Wrote: outputs/hurricane_john_southern_mexico_25_september_2024/phi_heatmap/tables/phi_rt_long.csv
[2026-02-22 20:06:35] Done. Wrote: outputs/hurricane_john_southern_mexico_25_september_2024/phi_heatmap/tables/phi_rt_matrix.csv
[2026-02-22 20:06:36] [cross_disaster_phi_heatmap] hurricane_milton_across_florida_us: computing heatmap...
[2026-02-22 20:06:37] [phi_heatmap] processed 20/30 windows...
[2026-02-22 20:06:38] [phi_heatmap][WARNING] center extrapolated for 26/30 windows (track_time_range=[2024-10-06 17:00:00,2024-10-11 05:00:00])
[2026-02-22 20:06:39] Done. Wrote: outputs/hurricane_milton_across_florida_us/phi_heatmap/tables/phi_rt_long.csv
[2026-02-22 20:06:39] Done. Wrote: outputs/hurricane_milton_across_florida_us/phi_heatmap/tables/phi_rt_matrix.csv
[2026-02-22 20:06:39] [cross_disaster_phi_heatmap] line_fire_southern_california_9_september_2024: computing heatmap...
[2026-02-22 20:06:41] [phi_heatmap] processed 20/45 windows...
[2026-02-22 20:06:42] [phi_heatmap] processed 40/45 windows...
[2026-02-22 20:06:44] Done. Wrote: outputs/line_fire_southern_california_9_september_2024/phi_heatmap/tables/phi_rt_long.csv
[2026-02-22 20:06:44] Done. Wrote: outputs/line_fire_southern_california_9_september_2024/phi_heatmap/tables/phi_rt_matrix.csv
[2026-02-22 20:06:44] [cross_disaster_phi_tau][WARNING] moldova_flooding_2024: catalog 未提供 t0_pt 且缺少 track；退化为 first_population_window_pt=2024-09-16 08:00:00（低置信度）
[2026-02-22 20:06:44] [cross_disaster_phi_tau][WARNING] moldova_flooding_2024: catalog 未提供 center_lat/center_lon，已用 auto_centroid_abs_n_difference 在窗口 3660584867350809_2024-09-16_0800.csv 上估计中心点（请优先在 catalog 显式提供）。
[2026-02-22 20:06:44] [cross_disaster_phi_heatmap] moldova_flooding_2024: computing heatmap...
[2026-02-22 20:06:45] [phi_heatmap] processed 20/84 windows...
[2026-02-22 20:06:46] [phi_heatmap] processed 40/84 windows...
[2026-02-22 20:06:48] [phi_heatmap] processed 60/84 windows...
[2026-02-22 20:06:49] [phi_heatmap] processed 80/84 windows...
[2026-02-22 20:06:50] Done. Wrote: outputs/moldova_flooding_2024/phi_heatmap/tables/phi_rt_long.csv
[2026-02-22 20:06:50] Done. Wrote: outputs/moldova_flooding_2024/phi_heatmap/tables/phi_rt_matrix.csv
[2026-02-22 20:06:50] [cross_disaster_phi_tau][WARNING] park_fire_2024: catalog 未提供 t0_pt 且缺少 track；退化为 first_population_window_pt=2024-07-29 08:00:00（低置信度）
[2026-02-22 20:06:50] [cross_disaster_phi_tau][WARNING] park_fire_2024: catalog 未提供 center_lat/center_lon，已用 auto_centroid_abs_n_difference 在窗口 949242724385190_2024-07-29_0800.csv 上估计中心点（请优先在 catalog 显式提供）。
[2026-02-22 20:06:50] [cross_disaster_phi_heatmap] park_fire_2024: computing heatmap...
[2026-02-22 20:06:52] [phi_heatmap] processed 20/51 windows...
[2026-02-22 20:06:54] [phi_heatmap] processed 40/51 windows...
[2026-02-22 20:06:57] Done. Wrote: outputs/park_fire_2024/phi_heatmap/tables/phi_rt_long.csv
[2026-02-22 20:06:57] Done. Wrote: outputs/park_fire_2024/phi_heatmap/tables/phi_rt_matrix.csv
[2026-02-22 20:06:57] [cross_disaster_phi_tau][WARNING] park_fire_california_29_july_2024: catalog 未提供 t0_pt 且缺少 track；退化为 first_population_window_pt=2024-07-29 08:00:00（低置信度）
[2026-02-22 20:06:57] [cross_disaster_phi_tau][WARNING] park_fire_california_29_july_2024: catalog 未提供 center_lat/center_lon，已用 auto_centroid_abs_n_difference 在窗口 4710307661338599_2024-07-29_0800.csv 上估计中心点（请优先在 catalog 显式提供）。
[2026-02-22 20:06:57] [cross_disaster_phi_heatmap] park_fire_california_29_july_2024: computing heatmap...
[2026-02-22 20:06:58] [phi_heatmap] processed 20/45 windows...
[2026-02-22 20:07:00] [phi_heatmap] processed 40/45 windows...
[2026-02-22 20:07:07] Done. Wrote: outputs/park_fire_california_29_july_2024/phi_heatmap/tables/phi_rt_long.csv
[2026-02-22 20:07:07] Done. Wrote: outputs/park_fire_california_29_july_2024/phi_heatmap/tables/phi_rt_matrix.csv
[2026-02-22 20:07:07] [cross_disaster_phi_tau][WARNING] the_flooding_across_antioquia_and_choc_departments_colombia: catalog 未提供 t0_pt 且缺少 track；退化为 first_population_window_pt=2024-11-13 08:00:00（低置信度）
[2026-02-22 20:07:07] [cross_disaster_phi_tau][WARNING] the_flooding_across_antioquia_and_choc_departments_colombia: catalog 未提供 center_lat/center_lon，已用 auto_centroid_abs_n_difference 在窗口 3349347119991330_2024-11-13_0800.csv 上估计中心点（请优先在 catalog 显式提供）。
[2026-02-22 20:07:07] [cross_disaster_phi_heatmap] the_flooding_across_antioquia_and_choc_departments_colombia: computing heatmap...
[2026-02-22 20:07:08] Done. Wrote: outputs/the_flooding_across_antioquia_and_choc_departments_colombia/phi_heatmap/tables/phi_rt_long.csv
[2026-02-22 20:07:08] Done. Wrote: outputs/the_flooding_across_antioquia_and_choc_departments_colombia/phi_heatmap/tables/phi_rt_matrix.csv
[2026-02-22 20:07:08] [cross_disaster_phi_tau][WARNING] the_flooding_across_bagmati_and_koshi_provinces_nepal: catalog 未提供 t0_pt 且缺少 track；退化为 first_population_window_pt=2024-09-27 08:00:00（低置信度）
[2026-02-22 20:07:09] [cross_disaster_phi_tau][WARNING] the_flooding_across_bagmati_and_koshi_provinces_nepal: catalog 未提供 center_lat/center_lon，已用 auto_centroid_abs_n_difference 在窗口 1480877630519301_2024-09-27_0800.csv 上估计中心点（请优先在 catalog 显式提供）。
[2026-02-22 20:07:09] [cross_disaster_phi_heatmap] the_flooding_across_bagmati_and_koshi_provinces_nepal: computing heatmap...
[2026-02-22 20:07:10] [phi_heatmap] processed 20/45 windows...
[2026-02-22 20:07:12] [phi_heatmap] processed 40/45 windows...
[2026-02-22 20:07:14] Done. Wrote: outputs/the_flooding_across_bagmati_and_koshi_provinces_nepal/phi_heatmap/tables/phi_rt_long.csv
[2026-02-22 20:07:14] Done. Wrote: outputs/the_flooding_across_bagmati_and_koshi_provinces_nepal/phi_heatmap/tables/phi_rt_matrix.csv
[2026-02-22 20:07:14] [cross_disaster_phi_tau][WARNING] the_flooding_across_eastern_bangladesh: catalog 未提供 t0_pt 且缺少 track；退化为 first_population_window_pt=2024-08-25 08:00:00（低置信度）
[2026-02-22 20:07:14] [cross_disaster_phi_tau][WARNING] the_flooding_across_eastern_bangladesh: catalog 未提供 center_lat/center_lon，已用 auto_centroid_abs_n_difference 在窗口 2515052155094649_2024-08-25_0800.csv 上估计中心点（请优先在 catalog 显式提供）。
[2026-02-22 20:07:15] [cross_disaster_phi_heatmap] the_flooding_across_eastern_bangladesh: computing heatmap...
[2026-02-22 20:07:18] [phi_heatmap] processed 20/36 windows...
[2026-02-22 20:07:22] Done. Wrote: outputs/the_flooding_across_eastern_bangladesh/phi_heatmap/tables/phi_rt_long.csv
[2026-02-22 20:07:22] Done. Wrote: outputs/the_flooding_across_eastern_bangladesh/phi_heatmap/tables/phi_rt_matrix.csv
[2026-02-22 20:07:22] [cross_disaster_phi_tau][WARNING] the_flooding_across_gujarat_india: catalog 未提供 t0_pt 且缺少 track；退化为 first_population_window_pt=2024-09-01 08:00:00（低置信度）
[2026-02-22 20:07:22] [cross_disaster_phi_tau][WARNING] the_flooding_across_gujarat_india: catalog 未提供 center_lat/center_lon，已用 auto_centroid_abs_n_difference 在窗口 1617120365740575_2024-09-01_0800.csv 上估计中心点（请优先在 catalog 显式提供）。
[2026-02-22 20:07:22] [cross_disaster_phi_heatmap] the_flooding_across_gujarat_india: computing heatmap...
[2026-02-22 20:07:27] [phi_heatmap] processed 20/24 windows...
[2026-02-22 20:07:30] Done. Wrote: outputs/the_flooding_across_gujarat_india/phi_heatmap/tables/phi_rt_long.csv
[2026-02-22 20:07:30] Done. Wrote: outputs/the_flooding_across_gujarat_india/phi_heatmap/tables/phi_rt_matrix.csv
[2026-02-22 20:07:30] [cross_disaster_phi_tau][WARNING] the_flooding_in_benue_and_kogi_states_nigeria: catalog 未提供 t0_pt 且缺少 track；退化为 first_population_window_pt=2024-10-21 08:00:00（低置信度）
[2026-02-22 20:07:30] [cross_disaster_phi_tau][WARNING] the_flooding_in_benue_and_kogi_states_nigeria: catalog 未提供 center_lat/center_lon，已用 auto_centroid_abs_n_difference 在窗口 1413391517911743_2024-10-21_0800.csv 上估计中心点（请优先在 catalog 显式提供）。
[2026-02-22 20:07:30] [cross_disaster_phi_heatmap] the_flooding_in_benue_and_kogi_states_nigeria: computing heatmap...
[2026-02-22 20:07:32] [phi_heatmap] processed 20/21 windows...
[2026-02-22 20:07:34] Done. Wrote: outputs/the_flooding_in_benue_and_kogi_states_nigeria/phi_heatmap/tables/phi_rt_long.csv
[2026-02-22 20:07:34] Done. Wrote: outputs/the_flooding_in_benue_and_kogi_states_nigeria/phi_heatmap/tables/phi_rt_matrix.csv
[2026-02-22 20:07:34] [cross_disaster_phi_tau][WARNING] the_flooding_in_conakry_city_conakry_guinea: catalog 未提供 t0_pt 且缺少 track；退化为 first_population_window_pt=2024-08-27 08:00:00（低置信度）
[2026-02-22 20:07:34] [cross_disaster_phi_tau][WARNING] the_flooding_in_conakry_city_conakry_guinea: catalog 未提供 center_lat/center_lon，已用 auto_centroid_abs_n_difference 在窗口 1392932799322170_2024-08-27_0800.csv 上估计中心点（请优先在 catalog 显式提供）。
[2026-02-22 20:07:34] [cross_disaster_phi_heatmap] the_flooding_in_conakry_city_conakry_guinea: computing heatmap...
[2026-02-22 20:07:35] [phi_heatmap] processed 20/39 windows...
[2026-02-22 20:07:37] Done. Wrote: outputs/the_flooding_in_conakry_city_conakry_guinea/phi_heatmap/tables/phi_rt_long.csv
[2026-02-22 20:07:37] Done. Wrote: outputs/the_flooding_in_conakry_city_conakry_guinea/phi_heatmap/tables/phi_rt_matrix.csv
[2026-02-22 20:07:37] [cross_disaster_phi_heatmap] the_wildfires_in_quito_pichincha_province_ecuador: computing heatmap...
[2026-02-22 20:07:39] [phi_heatmap] processed 20/45 windows...
[2026-02-22 20:07:41] [phi_heatmap] processed 40/45 windows...
[2026-02-22 20:07:43] Done. Wrote: outputs/the_wildfires_in_quito_pichincha_province_ecuador/phi_heatmap/tables/phi_rt_long.csv
[2026-02-22 20:07:43] Done. Wrote: outputs/the_wildfires_in_quito_pichincha_province_ecuador/phi_heatmap/tables/phi_rt_matrix.csv
[2026-02-22 20:07:43] [cross_disaster_phi_heatmap] tropical_storm_debby_united_states_pre_landfall_4_august_2024: computing heatmap...
[2026-02-22 20:07:49] [phi_heatmap] processed 20/43 windows...
[2026-02-22 20:07:56] [phi_heatmap] processed 40/43 windows...
[2026-02-22 20:07:57] [phi_heatmap][WARNING] center extrapolated for 41/43 windows (track_time_range=[2024-08-02 05:00:00,2024-08-05 04:00:00])
[2026-02-22 20:07:58] Done. Wrote: outputs/tropical_storm_debby_united_states_pre_landfall_4_august_2024/phi_heatmap/tables/phi_rt_long.csv
[2026-02-22 20:07:58] Done. Wrote: outputs/tropical_storm_debby_united_states_pre_landfall_4_august_2024/phi_heatmap/tables/phi_rt_matrix.csv
[2026-02-22 20:07:59] [cross_disaster_phi_tau][WARNING] tropical_storm_enteng_across_luzon_and_visayas_islands_philippines: catalog 未提供 t0_pt 且缺少 track；退化为 first_population_window_pt=2024-09-04 08:00:00（低置信度）
[2026-02-22 20:07:59] [cross_disaster_phi_tau][WARNING] tropical_storm_enteng_across_luzon_and_visayas_islands_philippines: catalog 未提供 center_lat/center_lon，已用 auto_centroid_abs_n_difference 在窗口 1647715382668161_2024-09-04_0800.csv 上估计中心点（请优先在 catalog 显式提供）。
[2026-02-22 20:07:59] [cross_disaster_phi_heatmap] tropical_storm_enteng_across_luzon_and_visayas_islands_philippines: computing heatmap...
[2026-02-22 20:08:00] [phi_heatmap] processed 20/36 windows...
[2026-02-22 20:08:03] Done. Wrote: outputs/tropical_storm_enteng_across_luzon_and_visayas_islands_philippines/phi_heatmap/tables/phi_rt_long.csv
[2026-02-22 20:08:03] Done. Wrote: outputs/tropical_storm_enteng_across_luzon_and_visayas_islands_philippines/phi_heatmap/tables/phi_rt_matrix.csv
[2026-02-22 20:08:03] [cross_disaster_phi_heatmap] tropical_storm_kristine_in_bicol_and_calabarzon_philippines: computing heatmap...
[2026-02-22 20:08:06] [phi_heatmap] processed 20/36 windows...
[2026-02-22 20:08:08] [phi_heatmap][WARNING] center extrapolated for 30/36 windows (track_time_range=[2024-10-20 17:00:00,2024-10-24 17:00:00])
[2026-02-22 20:08:09] Done. Wrote: outputs/tropical_storm_kristine_in_bicol_and_calabarzon_philippines/phi_heatmap/tables/phi_rt_long.csv
[2026-02-22 20:08:09] Done. Wrote: outputs/tropical_storm_kristine_in_bicol_and_calabarzon_philippines/phi_heatmap/tables/phi_rt_matrix.csv
[2026-02-22 20:08:09] [cross_disaster_phi_heatmap] tropical_storm_yagi_philippines_2_september_2024: computing heatmap...
[2026-02-22 20:08:11] [phi_heatmap] processed 20/45 windows...
[2026-02-22 20:08:15] [phi_heatmap] processed 40/45 windows...
[2026-02-22 20:08:16] [phi_heatmap][WARNING] center extrapolated for 29/45 windows (track_time_range=[2024-08-31 17:00:00,2024-09-07 03:00:00])
[2026-02-22 20:08:17] Done. Wrote: outputs/tropical_storm_yagi_philippines_2_september_2024/phi_heatmap/tables/phi_rt_long.csv
[2026-02-22 20:08:17] Done. Wrote: outputs/tropical_storm_yagi_philippines_2_september_2024/phi_heatmap/tables/phi_rt_matrix.csv
[2026-02-22 20:08:17] [cross_disaster_phi_heatmap] turkiye_earthquake_2023: computing heatmap...
[2026-02-22 20:08:20] [phi_heatmap] processed 20/107 windows...
[2026-02-22 20:08:23] [phi_heatmap] processed 40/107 windows...
[2026-02-22 20:08:26] [phi_heatmap] processed 60/107 windows...
[2026-02-22 20:08:29] [phi_heatmap] processed 80/107 windows...
[2026-02-22 20:08:32] [phi_heatmap] processed 100/107 windows...
[2026-02-22 20:08:34] Done. Wrote: outputs/turkiye_earthquake_2023/phi_heatmap/tables/phi_rt_long.csv
[2026-02-22 20:08:34] Done. Wrote: outputs/turkiye_earthquake_2023/phi_heatmap/tables/phi_rt_matrix.csv
[2026-02-22 20:08:34] [cross_disaster_phi_heatmap] typhoon_krathon_across_taiwan: computing heatmap...
[2026-02-22 20:08:35] [phi_heatmap] processed 20/34 windows...
[2026-02-22 20:08:37] [phi_heatmap][WARNING] center extrapolated for 30/34 windows (track_time_range=[2024-09-28 17:00:00,2024-10-03 17:00:00])
[2026-02-22 20:08:38] Done. Wrote: outputs/typhoon_krathon_across_taiwan/phi_heatmap/tables/phi_rt_long.csv
[2026-02-22 20:08:38] Done. Wrote: outputs/typhoon_krathon_across_taiwan/phi_heatmap/tables/phi_rt_matrix.csv
[2026-02-22 20:08:38] [cross_disaster_phi_tau][WARNING] typhoon_yagi_across_northeastern_vietnam: 提供的 t0_pt=2024-09-07 03:00:00 与最近窗口差 29.0h；若本意是对齐 landfall，请确认该数据集最早窗口是否晚于灾害发生。
[2026-02-22 20:08:38] [cross_disaster_phi_heatmap] typhoon_yagi_across_northeastern_vietnam: computing heatmap...
[2026-02-22 20:08:39] [phi_heatmap] processed 20/33 windows...
[2026-02-22 20:08:40] [phi_heatmap][WARNING] center extrapolated for 33/33 windows (track_time_range=[2024-08-31 17:00:00,2024-09-07 03:00:00])
[2026-02-22 20:08:41] Done. Wrote: outputs/typhoon_yagi_across_northeastern_vietnam/phi_heatmap/tables/phi_rt_long.csv
[2026-02-22 20:08:41] Done. Wrote: outputs/typhoon_yagi_across_northeastern_vietnam/phi_heatmap/tables/phi_rt_matrix.csv
[2026-02-22 20:08:41] [cross_disaster_phi_tau][WARNING] wildfires_in_boise_county_idaho_27_august_2024: catalog 未提供 t0_pt 且缺少 track；退化为 first_population_window_pt=2024-08-27 08:00:00（低置信度）
[2026-02-22 20:08:41] [cross_disaster_phi_tau][WARNING] wildfires_in_boise_county_idaho_27_august_2024: catalog 未提供 center_lat/center_lon，已用 auto_centroid_abs_n_difference 在窗口 3185865366604215_2024-08-27_0800.csv 上估计中心点（请优先在 catalog 显式提供）。
[2026-02-22 20:08:41] [cross_disaster_phi_heatmap] wildfires_in_boise_county_idaho_27_august_2024: computing heatmap...
[2026-02-22 20:08:43] [phi_heatmap] processed 20/45 windows...
[2026-02-22 20:08:44] [phi_heatmap] processed 40/45 windows...
[2026-02-22 20:08:46] Done. Wrote: outputs/wildfires_in_boise_county_idaho_27_august_2024/phi_heatmap/tables/phi_rt_long.csv
[2026-02-22 20:08:46] Done. Wrote: outputs/wildfires_in_boise_county_idaho_27_august_2024/phi_heatmap/tables/phi_rt_matrix.csv
[2026-02-22 20:08:46] [cross_disaster_phi_tau][WARNING] global_earthquake_model_research_2025_sep_18: 提供的 t0_pt=2025-09-18 08:00:00 与最近窗口差 48.0h；若本意是对齐 landfall，请确认该数据集最早窗口是否晚于灾害发生。
[2026-02-22 20:08:49] [cross_disaster_phi_heatmap] global_earthquake_model_research_2025_sep_18: computing heatmap...
[2026-02-22 20:08:51] Done. Wrote: outputs/global_earthquake_model_research_2025_sep_18/phi_heatmap/tables/phi_rt_long.csv
[2026-02-22 20:08:51] Done. Wrote: outputs/global_earthquake_model_research_2025_sep_18/phi_heatmap/tables/phi_rt_matrix.csv
[2026-02-22 20:08:51] [cross_disaster_phi_tau][WARNING] hurricane_melissa_10_27_2025: 提供的 t0_pt=2025-10-27 08:00:00 与最近窗口差 24.0h；若本意是对齐 landfall，请确认该数据集最早窗口是否晚于灾害发生。
[2026-02-22 20:08:51] [cross_disaster_phi_heatmap] hurricane_melissa_10_27_2025: computing heatmap...
[2026-02-22 20:08:53] Done. Wrote: outputs/hurricane_melissa_10_27_2025/phi_heatmap/tables/phi_rt_long.csv
[2026-02-22 20:08:53] Done. Wrote: outputs/hurricane_melissa_10_27_2025/phi_heatmap/tables/phi_rt_matrix.csv
[2026-02-22 20:08:53] [cross_disaster_phi_tau][WARNING] hurricane_melissa_aftermath_2025_11_03: 提供的 t0_pt=2025-11-03 00:00:00 与最近窗口差 32.0h；若本意是对齐 landfall，请确认该数据集最早窗口是否晚于灾害发生。
[2026-02-22 20:08:53] [cross_disaster_phi_heatmap] hurricane_melissa_aftermath_2025_11_03: computing heatmap...
[2026-02-22 20:08:55] Done. Wrote: outputs/hurricane_melissa_aftermath_2025_11_03/phi_heatmap/tables/phi_rt_long.csv
[2026-02-22 20:08:55] Done. Wrote: outputs/hurricane_melissa_aftermath_2025_11_03/phi_heatmap/tables/phi_rt_matrix.csv
[2026-02-22 20:08:55] [cross_disaster_phi_tau][WARNING] the_earthquake_across_central_mexico: 提供的 t0_pt=2026-01-02 00:00:00 与最近窗口差 32.0h；若本意是对齐 landfall，请确认该数据集最早窗口是否晚于灾害发生。
[2026-02-22 20:08:55] [cross_disaster_phi_heatmap] the_earthquake_across_central_mexico: computing heatmap...
[2026-02-22 20:08:59] Done. Wrote: outputs/the_earthquake_across_central_mexico/phi_heatmap/tables/phi_rt_long.csv
[2026-02-22 20:08:59] Done. Wrote: outputs/the_earthquake_across_central_mexico/phi_heatmap/tables/phi_rt_matrix.csv
[2026-02-22 20:08:59] [cross_disaster_phi_tau][WARNING] the_earthquake_across_dhaka_division_bangladesh: 提供的 t0_pt=2025-11-21 00:00:00 与最近窗口差 32.0h；若本意是对齐 landfall，请确认该数据集最早窗口是否晚于灾害发生。
[2026-02-22 20:08:59] [cross_disaster_phi_heatmap] the_earthquake_across_dhaka_division_bangladesh: computing heatmap...
[2026-02-22 20:09:02] Done. Wrote: outputs/the_earthquake_across_dhaka_division_bangladesh/phi_heatmap/tables/phi_rt_long.csv
[2026-02-22 20:09:02] Done. Wrote: outputs/the_earthquake_across_dhaka_division_bangladesh/phi_heatmap/tables/phi_rt_matrix.csv
[2026-02-22 20:09:02] [cross_disaster_phi_tau][WARNING] the_flooding_across_rio_grande_do_sul_state_brazil: catalog 未提供 t0_pt 且缺少 track；退化为 first_population_window_pt=2024-04-30 08:00:00（低置信度）
[2026-02-22 20:09:02] [cross_disaster_phi_tau][WARNING] the_flooding_across_rio_grande_do_sul_state_brazil: catalog 未提供 center_lat/center_lon，已用 auto_centroid_abs_n_difference 在窗口 population_2024-04-30_0800.csv 上估计中心点（请优先在 catalog 显式提供）。
[2026-02-22 20:09:02] [cross_disaster_phi_heatmap] the_flooding_across_rio_grande_do_sul_state_brazil: computing heatmap...
[2026-02-22 20:09:05] [phi_heatmap] processed 20/88 windows...
[2026-02-22 20:09:08] [phi_heatmap] processed 40/88 windows...
[2026-02-22 20:09:11] [phi_heatmap] processed 60/88 windows...
[2026-02-22 20:09:14] [phi_heatmap] processed 80/88 windows...
[2026-02-22 20:09:16] Done. Wrote: outputs/the_flooding_across_rio_grande_do_sul_state_brazil/phi_heatmap/tables/phi_rt_long.csv
[2026-02-22 20:09:16] Done. Wrote: outputs/the_flooding_across_rio_grande_do_sul_state_brazil/phi_heatmap/tables/phi_rt_matrix.csv
[2026-02-22 20:09:16] [cross_disaster_phi_tau][WARNING] flooding_in_central_and_eastern_europe_sept_16_2024: catalog 未提供 t0_pt 且缺少 track；退化为 first_population_window_pt=2024-09-16 08:00:00（低置信度）
[2026-02-22 20:09:17] [cross_disaster_phi_tau][WARNING] flooding_in_central_and_eastern_europe_sept_16_2024: catalog 未提供 center_lat/center_lon，已用 auto_centroid_abs_n_difference 在窗口 population_2024-09-16_0800.csv 上估计中心点（请优先在 catalog 显式提供）。
[2026-02-22 20:09:17] [cross_disaster_phi_heatmap] flooding_in_central_and_eastern_europe_sept_16_2024: computing heatmap...
[2026-02-22 20:09:30] [phi_heatmap] processed 20/81 windows...
[2026-02-22 20:09:41] [phi_heatmap] processed 40/81 windows...
[2026-02-22 20:09:53] [phi_heatmap] processed 60/81 windows...
[2026-02-22 20:10:07] [phi_heatmap] processed 80/81 windows...
[2026-02-22 20:10:10] Done. Wrote: outputs/flooding_in_central_and_eastern_europe_sept_16_2024/phi_heatmap/tables/phi_rt_long.csv
[2026-02-22 20:10:10] Done. Wrote: outputs/flooding_in_central_and_eastern_europe_sept_16_2024/phi_heatmap/tables/phi_rt_matrix.csv
[2026-02-22 20:10:10] [cross_disaster_phi_heatmap] hurricane_beryl_jamaica_western_caribbean_pre_landfall_2024_07_03: computing heatmap...
[2026-02-22 20:10:21] [phi_heatmap] processed 20/40 windows...
[2026-02-22 20:10:30] [phi_heatmap] processed 40/40 windows...
[2026-02-22 20:10:30] [phi_heatmap][WARNING] center extrapolated for 24/40 windows (track_time_range=[2024-06-29 11:00:00,2024-07-09 17:00:00])
[2026-02-22 20:10:31] Done. Wrote: outputs/hurricane_beryl_jamaica_western_caribbean_pre_landfall_2024_07_03/phi_heatmap/tables/phi_rt_long.csv
[2026-02-22 20:10:31] Done. Wrote: outputs/hurricane_beryl_jamaica_western_caribbean_pre_landfall_2024_07_03/phi_heatmap/tables/phi_rt_matrix.csv
[2026-02-22 20:10:31] [cross_disaster_phi_heatmap] hurricane_debby_across_florida_and_georgia_us: computing heatmap...
[2026-02-22 20:10:58] [phi_heatmap] processed 20/24 windows...
[2026-02-22 20:11:03] [phi_heatmap][WARNING] center extrapolated for 24/24 windows (track_time_range=[2024-08-02 05:00:00,2024-08-05 04:00:00])
[2026-02-22 20:11:05] Done. Wrote: outputs/hurricane_debby_across_florida_and_georgia_us/phi_heatmap/tables/phi_rt_long.csv
[2026-02-22 20:11:05] Done. Wrote: outputs/hurricane_debby_across_florida_and_georgia_us/phi_heatmap/tables/phi_rt_matrix.csv
[2026-02-22 20:11:05] [cross_disaster_phi_tau][WARNING] spain_flood: catalog 未提供 t0_pt 且缺少 track；退化为 first_population_window_pt=2024-10-30 08:00:00（低置信度）
[2026-02-22 20:11:05] [cross_disaster_phi_tau][WARNING] spain_flood: catalog 未提供 center_lat/center_lon，已用 auto_centroid_abs_n_difference 在窗口 population_2024-10-30_0800.csv 上估计中心点（请优先在 catalog 显式提供）。
[2026-02-22 20:11:05] [cross_disaster_phi_heatmap] spain_flood: computing heatmap...
[2026-02-22 20:11:07] [phi_heatmap] processed 20/30 windows...
[2026-02-22 20:11:12] Done. Wrote: outputs/spain_flood/phi_heatmap/tables/phi_rt_long.csv
[2026-02-22 20:11:13] Done. Wrote: outputs/spain_flood/phi_heatmap/tables/phi_rt_matrix.csv
[2026-02-22 20:11:13] [cross_disaster_phi_tau][WARNING] mountain_fire_in_california: catalog 未提供 t0_pt 且缺少 track；退化为 first_population_window_pt=2024-11-08 08:00:00（低置信度）
[2026-02-22 20:11:13] [cross_disaster_phi_tau][WARNING] mountain_fire_in_california: catalog 未提供 center_lat/center_lon，已用 auto_centroid_abs_n_difference 在窗口 population_2024-11-08_0800.csv 上估计中心点（请优先在 catalog 显式提供）。
[2026-02-22 20:11:13] [cross_disaster_phi_heatmap] mountain_fire_in_california: computing heatmap...
[2026-02-22 20:11:14] Done. Wrote: outputs/mountain_fire_in_california/phi_heatmap/tables/phi_rt_long.csv
[2026-02-22 20:11:14] Done. Wrote: outputs/mountain_fire_in_california/phi_heatmap/tables/phi_rt_matrix.csv
[2026-02-22 20:11:14] [cross_disaster_phi_tau][WARNING] cambodia_monsoon_season_study_2024_05_09: catalog 未提供 t0_pt 且缺少 track；退化为 first_population_window_pt=2024-05-09 08:00:00（低置信度）
[2026-02-22 20:11:15] [cross_disaster_phi_tau][WARNING] cambodia_monsoon_season_study_2024_05_09: catalog 未提供 center_lat/center_lon，已用 auto_centroid_abs_n_difference 在窗口 population_2024-05-09_0800.csv 上估计中心点（请优先在 catalog 显式提供）。
[2026-02-22 20:11:15] [cross_disaster_phi_heatmap] cambodia_monsoon_season_study_2024_05_09: computing heatmap...
[2026-02-22 20:11:16] [phi_heatmap] processed 20/106 windows...
[2026-02-22 20:11:17] [phi_heatmap] processed 40/106 windows...
[2026-02-22 20:11:18] [phi_heatmap] processed 60/106 windows...
[2026-02-22 20:11:19] [phi_heatmap] processed 80/106 windows...
[2026-02-22 20:11:21] [phi_heatmap] processed 100/106 windows...
[2026-02-22 20:11:22] Done. Wrote: outputs/cambodia_monsoon_season_study_2024_05_09/phi_heatmap/tables/phi_rt_long.csv
[2026-02-22 20:11:22] Done. Wrote: outputs/cambodia_monsoon_season_study_2024_05_09/phi_heatmap/tables/phi_rt_matrix.csv
[2026-02-22 20:11:22] [cross_disaster_phi_tau][WARNING] india_monsoon_season_study_2024_05_09_nct_delhi_up_bihar: catalog 未提供 t0_pt 且缺少 track；退化为 first_population_window_pt=2024-05-09 08:00:00（低置信度）
[2026-02-22 20:11:23] [cross_disaster_phi_tau][WARNING] india_monsoon_season_study_2024_05_09_nct_delhi_up_bihar: catalog 未提供 center_lat/center_lon，已用 auto_centroid_abs_n_difference 在窗口 population_2024-05-09_0800.csv 上估计中心点（请优先在 catalog 显式提供）。
[2026-02-22 20:11:23] [cross_disaster_phi_heatmap] india_monsoon_season_study_2024_05_09_nct_delhi_up_bihar: computing heatmap...
[2026-02-22 20:11:30] [phi_heatmap] processed 20/106 windows...
[2026-02-22 20:11:37] [phi_heatmap] processed 40/106 windows...
[2026-02-22 20:11:44] [phi_heatmap] processed 60/106 windows...
[2026-02-22 20:11:50] [phi_heatmap] processed 80/106 windows...
[2026-02-22 20:11:58] [phi_heatmap] processed 100/106 windows...
[2026-02-22 20:12:06] Done. Wrote: outputs/india_monsoon_season_study_2024_05_09_nct_delhi_up_bihar/phi_heatmap/tables/phi_rt_long.csv
[2026-02-22 20:12:06] Done. Wrote: outputs/india_monsoon_season_study_2024_05_09_nct_delhi_up_bihar/phi_heatmap/tables/phi_rt_matrix.csv
[2026-02-22 20:12:06] [cross_disaster_phi_tau][WARNING] pakistan_monsoon_season_study_sindh_2024_05_09: catalog 未提供 t0_pt 且缺少 track；退化为 first_population_window_pt=2024-05-09 08:00:00（低置信度）
[2026-02-22 20:12:06] [cross_disaster_phi_tau][WARNING] pakistan_monsoon_season_study_sindh_2024_05_09: catalog 未提供 center_lat/center_lon，已用 auto_centroid_abs_n_difference 在窗口 population_2024-05-09_0800.csv 上估计中心点（请优先在 catalog 显式提供）。
[2026-02-22 20:12:06] [cross_disaster_phi_heatmap] pakistan_monsoon_season_study_sindh_2024_05_09: computing heatmap...
[2026-02-22 20:12:07] [phi_heatmap] processed 20/106 windows...
[2026-02-22 20:12:09] [phi_heatmap] processed 40/106 windows...
[2026-02-22 20:12:10] [phi_heatmap] processed 60/106 windows...
[2026-02-22 20:12:12] [phi_heatmap] processed 80/106 windows...
[2026-02-22 20:12:13] [phi_heatmap] processed 100/106 windows...
[2026-02-22 20:12:15] Done. Wrote: outputs/pakistan_monsoon_season_study_sindh_2024_05_09/phi_heatmap/tables/phi_rt_long.csv
[2026-02-22 20:12:15] Done. Wrote: outputs/pakistan_monsoon_season_study_sindh_2024_05_09/phi_heatmap/tables/phi_rt_matrix.csv
[2026-02-22 20:12:15] [cross_disaster_phi_tau][WARNING] typhoon_nika_across_northern_luzon_philippines: catalog 未提供 t0_pt 且缺少 track；退化为 first_population_window_pt=2024-11-12 08:00:00（低置信度）
[2026-02-22 20:12:16] [cross_disaster_phi_tau][WARNING] typhoon_nika_across_northern_luzon_philippines: catalog 未提供 center_lat/center_lon，已用 auto_centroid_abs_n_difference 在窗口 population_2024-11-12_0800.csv 上估计中心点（请优先在 catalog 显式提供）。
[2026-02-22 20:12:16] [cross_disaster_phi_heatmap] typhoon_nika_across_northern_luzon_philippines: computing heatmap...
[2026-02-22 20:12:18] Done. Wrote: outputs/typhoon_nika_across_northern_luzon_philippines/phi_heatmap/tables/phi_rt_long.csv
[2026-02-22 20:12:18] Done. Wrote: outputs/typhoon_nika_across_northern_luzon_philippines/phi_heatmap/tables/phi_rt_matrix.csv
[2026-02-22 20:12:18] <<< STEP 02_phi_heatmap EXIT=0

[2026-02-22 20:12:18] >>> STEP 03_dt_decay
CMD: /home/wujlin/miniconda3/bin/python scripts/dt_decay.py --output-root outputs --out-dir outputs/cross_disaster_comparison/Dt_decay
[2026-02-22 20:12:21] /mnt/e/newdesktop/Disaster/src/disaster/dt_decay.py:462: OptimizeWarning: Covariance of the parameters could not be estimated
[2026-02-22 20:12:21]   popt, _ = curve_fit(
[2026-02-22 20:12:21] /mnt/e/newdesktop/Disaster/src/disaster/dt_decay.py:462: OptimizeWarning: Covariance of the parameters could not be estimated
[2026-02-22 20:12:21]   popt, _ = curve_fit(
[2026-02-22 20:12:34] <<< STEP 03_dt_decay EXIT=0

[2026-02-22 20:12:34] >>> STEP 04_dynamics_all
CMD: /home/wujlin/miniconda3/bin/python scripts/dynamics_potential.py --output-root outputs --dt-tables-dir outputs/cross_disaster_comparison/Dt_decay/tables --out-dir outputs/cross_disaster_comparison/dynamics_potential_all --use-route-b-selected 0
[2026-02-22 20:13:15] <<< STEP 04_dynamics_all EXIT=0

[2026-02-22 20:13:15] >>> STEP 05_dynamics_routeB
CMD: /home/wujlin/miniconda3/bin/python scripts/dynamics_potential.py --output-root outputs --dt-tables-dir outputs/cross_disaster_comparison/Dt_decay/tables --out-dir outputs/cross_disaster_comparison/dynamics_potential_routeB --use-route-b-selected 1
[2026-02-22 20:13:44] <<< STEP 05_dynamics_routeB EXIT=0
